02-24 20:42:32.619  2481  2510 I artd    : GetBestInfo: /data/user_de/0/com.google.android.gms/app_chimera/m/00000002/DynamiteLoader.apk has no usable artifacts
02-24 20:42:32.620  2481  2510 I artd    : GetBestInfo: /data/user_de/0/com.google.android.gms/app_chimera/m/00000016/dl-MlkitBarcodeUi.optional_260632100800.apk has no usable artifacts
02-24 20:42:32.626  2481  2510 I artd    : GetBestInfo: /data/user_de/0/com.google.android.gms/app_chimera/m/00000012/dl-Appsearch.optional_260632100800.apk has no usable artifacts
02-24 20:42:32.628  2481  2510 I artd    : GetBestInfo: /data/user_de/0/com.google.android.gms/app_chimera/m/00000005/GoogleCertificates.apk has no usable artifacts
02-24 20:42:32.630  2481  2510 I artd    : GetBestInfo: vdex next to the dex file (/data/user/0/com.google.android.gms/app_dg_cache/BF7C023AB90CCF01D1F467FC1CEBAF866511FF29/oat/x86_64/the.vdex) is kOatUpToDate with filter 'verify' executable 'false'
02-24 20:42:32.632  2481  2510 I artd    : GetBestInfo: /data/user_de/0/com.google.android.gms/app_chimera/m/0000000c/dl-TfliteDynamiteDynamite.integ_252130102100800.apk has no usable artifacts
02-24 20:42:32.651  2481  2510 I artd    : GetBestInfo: /data/user_de/0/com.google.android.gms/app_chimera/m/00000009/dl-MlkitBarcodeUi.optional_250834100800.apk has no usable artifacts
02-24 20:42:32.652  2481  2510 I artd    : GetBestInfo: /data/user_de/0/com.google.android.gms/app_chimera/m/00000008/dl-Appsearch.optional_250834100800.apk has no usable artifacts
02-24 20:42:32.653  2481  2510 I artd    : GetBestInfo: /data/user_de/0/com.google.android.gms/app_chimera/m/0000000e/dl-MlkitOcrCommon.optional_250834100800.apk has no usable artifacts
02-24 20:42:32.655  2481  2510 I artd    : GetBestInfo: /data/user_de/0/com.google.android.gms/app_chimera/m/0000000f/dl-VisionOcr.optional_250834100000.apk has no usable artifacts
02-24 20:42:32.656  2481  2510 I artd    : GetBestInfo: /data/user_de/0/com.google.android.gms/app_chimera/m/0000000d/dl-PlayCloudSearch.optional_250834100000.apk has no usable artifacts
02-24 20:42:32.664  2481  2510 I artd    : GetBestInfo: /data/user_de/0/com.google.android.gms/app_chimera/m/00000007/MeasurementDynamite.apk has no usable artifacts
02-24 20:42:33.751  7332  7421 D ProfileInstaller: Installing profile for com.asustuff15.cloudcometcrystal
02-24 20:42:33.932  4172  4181 I IPCThreadState: oneway function results for code 2 on binder at 0x7b7e15041df0 will be dropped but finished with status UNKNOWN_TRANSACTION
02-24 20:42:33.941  4727  4738 I IPCThreadState: oneway function results for code 2 on binder at 0x7b7e15048b40 will be dropped but finished with status UNKNOWN_TRANSACTION
02-24 20:42:34.083  7332  7401 D LaravelEnvironment: No BIFROST_APP_ID found in bundled .env
02-24 20:42:34.083  7332  7401 D LaravelEnvironment: ℹ️ No BIFROST_APP_ID found, skipping OTA check
02-24 20:42:34.083  7332  7401 D LaravelEnvironment: 🔍 CHECKPOINT 3a - BEFORE extractLaravelBundle: exists=true, files=
02-24 20:42:34.084  7332  7401 D LaravelEnvironment: No BIFROST_APP_ID found in bundled .env
02-24 20:42:34.084  7332  7401 D LaravelEnvironment: 🔍 DEBUG: embeddedVersion from bundle = '"DEBUG"'
02-24 20:42:34.085  7332  7401 D LaravelEnvironment: 🔍 DEBUG: currentVersion = 'none'
02-24 20:42:34.085  7332  7401 D LaravelEnvironment: 🔍 DEBUG: embeddedVersion.clean = 'DEBUG'
02-24 20:42:34.085  7332  7401 D LaravelEnvironment: 🔍 DEBUG: isDebugOverride = true
02-24 20:42:34.085  7332  7401 D LaravelEnvironment: 🔍 DEBUG: isUpToDate = false
02-24 20:42:34.085  7332  7401 D LaravelEnvironment: 🔍 DEBUG: shouldExtract = true
02-24 20:42:34.085  7332  7401 D LaravelEnvironment: 📦 Extracting Laravel bundle (new version: "DEBUG")
02-24 20:42:34.085  7332  7401 D LaravelEnvironment: 📦 Current: none, Embedded: "DEBUG"
02-24 20:42:34.085  7332  7401 D LaravelEnvironment: 🗑️ CALLING BASH RM NOW...
02-24 20:42:34.112  7332  7401 D LaravelEnvironment: ✅ BASH RM COMPLETED (exit code: 0)
02-24 20:42:34.402  7332  7401 D LaravelEnvironment: ⏭️ Skipping storage directory from bundle: storage/
02-24 20:42:34.405  7332  7401 D LaravelEnvironment: ⏭️ Skipping storage directory from bundle: storage/app/
02-24 20:42:34.405  7332  7401 D LaravelEnvironment: ⏭️ Skipping storage directory from bundle: storage/app/.gitignore
02-24 20:42:34.405  7332  7401 D LaravelEnvironment: ⏭️ Skipping storage directory from bundle: storage/app/native-build/
02-24 20:42:34.406  7332  7401 D LaravelEnvironment: ⏭️ Skipping storage directory from bundle: storage/app/native-build/app.zip
02-24 20:42:35.023  7332  7401 D LaravelEnvironment: ⏭️ Skipping storage directory from bundle: storage/app/native-build/temp-69986ebed61a5/
02-24 20:42:35.023  7332  7401 D LaravelEnvironment: ⏭️ Skipping storage directory from bundle: storage/app/native-build/temp-69986ebed61a5/lang/
02-24 20:42:35.023  7332  7401 D LaravelEnvironment: ⏭️ Skipping storage directory from bundle: storage/app/native-build/temp-69986ebed61a5/lang/vendor/
02-24 20:42:35.023  7332  7401 D LaravelEnvironment: ⏭️ Skipping storage directory from bundle: storage/app/native-build/temp-69986ebed61a5/lang/vendor/filament/
02-24 20:42:35.023  7332  7401 D LaravelEnvironment: ⏭️ Skipping storage directory from bundle: storage/app/native-build/temp-69986ebed61a5/lang/vendor/filament/ja/
02-24 20:42:35.023  7332  7401 D LaravelEnvironment: ⏭️ Skipping storage directory from bundle: storage/app/native-build/temp-69986ebed61a5/lang/vendor/filament/ja/components/
02-24 20:42:35.023  7332  7401 D LaravelEnvironment: ⏭️ Skipping storage directory from bundle: storage/app/native-build/temp-69986ebed61a5/lang/vendor/filament-forms/
02-24 20:42:35.023  7332  7401 D LaravelEnvironment: ⏭️ Skipping storage directory from bundle: storage/app/private/
02-24 20:42:35.023  7332  7401 D LaravelEnvironment: ⏭️ Skipping storage directory from bundle: storage/app/private/.gitignore
02-24 20:42:35.023  7332  7401 D LaravelEnvironment: ⏭️ Skipping storage directory from bundle: storage/app/public/
02-24 20:42:35.023  7332  7401 D LaravelEnvironment: ⏭️ Skipping storage directory from bundle: storage/app/public/.gitignore
02-24 20:42:35.023  7332  7401 D LaravelEnvironment: ⏭️ Skipping storage directory from bundle: storage/app/public/1/
02-24 20:42:35.023  7332  7401 D LaravelEnvironment: ⏭️ Skipping storage directory from bundle: storage/app/public/1/photo-1522205408450-add114ad53fe.jpeg
02-24 20:42:35.023  7332  7401 D LaravelEnvironment: ⏭️ Skipping storage directory from bundle: storage/app/public/10/
02-24 20:42:35.024  7332  7401 D LaravelEnvironment: ⏭️ Skipping storage directory from bundle: storage/app/public/10/photo-1515886657613-9f3515b0c78f.jpeg
02-24 20:42:35.025  7332  7401 D LaravelEnvironment: ⏭️ Skipping storage directory from bundle: storage/app/public/11/
02-24 20:42:35.025  7332  7401 D LaravelEnvironment: ⏭️ Skipping storage directory from bundle: storage/app/public/11/photo-1515886657613-9f3515b0c78f.jpeg
02-24 20:42:35.026  7332  7401 D LaravelEnvironment: ⏭️ Skipping storage directory from bundle: storage/app/public/12/
02-24 20:42:35.026  7332  7401 D LaravelEnvironment: ⏭️ Skipping storage directory from bundle: storage/app/public/12/photo-1515886657613-9f3515b0c78f.jpeg
02-24 20:42:35.027  7332  7401 D LaravelEnvironment: ⏭️ Skipping storage directory from bundle: storage/app/public/13/
02-24 20:42:35.027  7332  7401 D LaravelEnvironment: ⏭️ Skipping storage directory from bundle: storage/app/public/13/photo-1515886657613-9f3515b0c78f.jpeg
02-24 20:42:35.028  7332  7401 D LaravelEnvironment: ⏭️ Skipping storage directory from bundle: storage/app/public/14/
02-24 20:42:35.029  7332  7401 D LaravelEnvironment: ⏭️ Skipping storage directory from bundle: storage/app/public/14/photo-1515886657613-9f3515b0c78f.jpeg
02-24 20:42:35.030  7332  7401 D LaravelEnvironment: ⏭️ Skipping storage directory from bundle: storage/app/public/15/
02-24 20:42:35.030  7332  7401 D LaravelEnvironment: ⏭️ Skipping storage directory from bundle: storage/app/public/15/photo-1522205408450-add114ad53fe.jpeg
02-24 20:42:35.031  7332  7401 D LaravelEnvironment: ⏭️ Skipping storage directory from bundle: storage/app/public/16/
02-24 20:42:35.031  7332  7401 D LaravelEnvironment: ⏭️ Skipping storage directory from bundle: storage/app/public/16/photo-1522205408450-add114ad53fe.jpeg
02-24 20:42:35.032  7332  7401 D LaravelEnvironment: ⏭️ Skipping storage directory from bundle: storage/app/public/17/
02-24 20:42:35.032  7332  7401 D LaravelEnvironment: ⏭️ Skipping storage directory from bundle: storage/app/public/17/photo-1522205408450-add114ad53fe.jpeg
02-24 20:42:35.033  7332  7401 D LaravelEnvironment: ⏭️ Skipping storage directory from bundle: storage/app/public/18/
02-24 20:42:35.033  7332  7401 D LaravelEnvironment: ⏭️ Skipping storage directory from bundle: storage/app/public/18/photo-1522205408450-add114ad53fe.jpeg
02-24 20:42:35.033  7332  7401 D LaravelEnvironment: ⏭️ Skipping storage directory from bundle: storage/app/public/19/
02-24 20:42:35.034  7332  7401 D LaravelEnvironment: ⏭️ Skipping storage directory from bundle: storage/app/public/19/photo-1522205408450-add114ad53fe.jpeg
02-24 20:42:35.034  7332  7401 D LaravelEnvironment: ⏭️ Skipping storage directory from bundle: storage/app/public/2/
02-24 20:42:35.034  7332  7401 D LaravelEnvironment: ⏭️ Skipping storage directory from bundle: storage/app/public/2/photo-1515886657613-9f3515b0c78f.jpeg
02-24 20:42:35.036  7332  7401 D LaravelEnvironment: ⏭️ Skipping storage directory from bundle: storage/app/public/2/photo-1522205408450-add114ad53fe.jpeg
02-24 20:42:35.037  7332  7401 D LaravelEnvironment: ⏭️ Skipping storage directory from bundle: storage/app/public/20/
02-24 20:42:35.037  7332  7401 D LaravelEnvironment: ⏭️ Skipping storage directory from bundle: storage/app/public/20/photo-1522205408450-add114ad53fe.jpeg
02-24 20:42:35.038  7332  7401 D LaravelEnvironment: ⏭️ Skipping storage directory from bundle: storage/app/public/21/
02-24 20:42:35.038  7332  7401 D LaravelEnvironment: ⏭️ Skipping storage directory from bundle: storage/app/public/21/photo-1522205408450-add114ad53fe.jpeg
02-24 20:42:35.038  7332  7401 D LaravelEnvironment: ⏭️ Skipping storage directory from bundle: storage/app/public/22/
02-24 20:42:35.038  7332  7401 D LaravelEnvironment: ⏭️ Skipping storage directory from bundle: storage/app/public/22/photo-1515886657613-9f3515b0c78f.jpeg
02-24 20:42:35.039  7332  7401 D LaravelEnvironment: ⏭️ Skipping storage directory from bundle: storage/app/public/23/
02-24 20:42:35.039  7332  7401 D LaravelEnvironment: ⏭️ Skipping storage directory from bundle: storage/app/public/23/photo-1515886657613-9f3515b0c78f.jpeg
02-24 20:42:35.040  7332  7401 D LaravelEnvironment: ⏭️ Skipping storage directory from bundle: storage/app/public/24/
02-24 20:42:35.041  7332  7401 D LaravelEnvironment: ⏭️ Skipping storage directory from bundle: storage/app/public/24/photo-1515886657613-9f3515b0c78f.jpeg
02-24 20:42:35.042  7332  7401 D LaravelEnvironment: ⏭️ Skipping storage directory from bundle: storage/app/public/25/
02-24 20:42:35.042  7332  7401 D LaravelEnvironment: ⏭️ Skipping storage directory from bundle: storage/app/public/25/photo-1515886657613-9f3515b0c78f.jpeg
02-24 20:42:35.043  7332  7401 D LaravelEnvironment: ⏭️ Skipping storage directory from bundle: storage/app/public/26/
02-24 20:42:35.043  7332  7401 D LaravelEnvironment: ⏭️ Skipping storage directory from bundle: storage/app/public/26/photo-1515886657613-9f3515b0c78f.jpeg
02-24 20:42:35.044  7332  7401 D LaravelEnvironment: ⏭️ Skipping storage directory from bundle: storage/app/public/27/
02-24 20:42:35.044  7332  7401 D LaravelEnvironment: ⏭️ Skipping storage directory from bundle: storage/app/public/27/photo-1515886657613-9f3515b0c78f.jpeg
02-24 20:42:35.045  7332  7401 D LaravelEnvironment: ⏭️ Skipping storage directory from bundle: storage/app/public/28/
02-24 20:42:35.045  7332  7401 D LaravelEnvironment: ⏭️ Skipping storage directory from bundle: storage/app/public/28/photo-1515886657613-9f3515b0c78f.jpeg
02-24 20:42:35.046  7332  7401 D LaravelEnvironment: ⏭️ Skipping storage directory from bundle: storage/app/public/3/
02-24 20:42:35.046  7332  7401 D LaravelEnvironment: ⏭️ Skipping storage directory from bundle: storage/app/public/3/photo-1515886657613-9f3515b0c78f.jpeg
02-24 20:42:35.047  7332  7401 D LaravelEnvironment: ⏭️ Skipping storage directory from bundle: storage/app/public/3/photo-1522205408450-add114ad53fe.jpeg
02-24 20:42:35.048  7332  7401 D LaravelEnvironment: ⏭️ Skipping storage directory from bundle: storage/app/public/4/
02-24 20:42:35.048  7332  7401 D LaravelEnvironment: ⏭️ Skipping storage directory from bundle: storage/app/public/4/photo-1515886657613-9f3515b0c78f.jpeg
02-24 20:42:35.049  7332  7401 D LaravelEnvironment: ⏭️ Skipping storage directory from bundle: storage/app/public/4/photo-1522205408450-add114ad53fe.jpeg
02-24 20:42:35.049  7332  7401 D LaravelEnvironment: ⏭️ Skipping storage directory from bundle: storage/app/public/5/
02-24 20:42:35.049  7332  7401 D LaravelEnvironment: ⏭️ Skipping storage directory from bundle: storage/app/public/5/photo-1522205408450-add114ad53fe.jpeg
02-24 20:42:35.050  7332  7401 D LaravelEnvironment: ⏭️ Skipping storage directory from bundle: storage/app/public/6/
02-24 20:42:35.050  7332  7401 D LaravelEnvironment: ⏭️ Skipping storage directory from bundle: storage/app/public/6/photo-1522205408450-add114ad53fe.jpeg
02-24 20:42:35.051  7332  7401 D LaravelEnvironment: ⏭️ Skipping storage directory from bundle: storage/app/public/7/
02-24 20:42:35.051  7332  7401 D LaravelEnvironment: ⏭️ Skipping storage directory from bundle: storage/app/public/7/photo-1515886657613-9f3515b0c78f.jpeg
02-24 20:42:35.052  7332  7401 D LaravelEnvironment: ⏭️ Skipping storage directory from bundle: storage/app/public/7/photo-1522205408450-add114ad53fe.jpeg
02-24 20:42:35.052  7332  7401 D LaravelEnvironment: ⏭️ Skipping storage directory from bundle: storage/app/public/8/
02-24 20:42:35.052  7332  7401 D LaravelEnvironment: ⏭️ Skipping storage directory from bundle: storage/app/public/8/photo-1515886657613-9f3515b0c78f.jpeg
02-24 20:42:35.053  7332  7401 D LaravelEnvironment: ⏭️ Skipping storage directory from bundle: storage/app/public/9/
02-24 20:42:35.053  7332  7401 D LaravelEnvironment: ⏭️ Skipping storage directory from bundle: storage/app/public/9/photo-1515886657613-9f3515b0c78f.jpeg
02-24 20:42:35.055  7332  7401 D LaravelEnvironment: ⏭️ Skipping storage directory from bundle: storage/framework/
02-24 20:42:35.055  7332  7401 D LaravelEnvironment: ⏭️ Skipping storage directory from bundle: storage/framework/.gitignore
02-24 20:42:35.055  7332  7401 D LaravelEnvironment: ⏭️ Skipping storage directory from bundle: storage/framework/cache/
02-24 20:42:35.055  7332  7401 D LaravelEnvironment: ⏭️ Skipping storage directory from bundle: storage/framework/cache/.gitignore
02-24 20:42:35.055  7332  7401 D LaravelEnvironment: ⏭️ Skipping storage directory from bundle: storage/framework/cache/data/
02-24 20:42:35.055  7332  7401 D LaravelEnvironment: ⏭️ Skipping storage directory from bundle: storage/framework/cache/data/.gitignore
02-24 20:42:35.055  7332  7401 D LaravelEnvironment: ⏭️ Skipping storage directory from bundle: storage/framework/sessions/
02-24 20:42:35.055  7332  7401 D LaravelEnvironment: ⏭️ Skipping storage directory from bundle: storage/framework/sessions/Ul4g50Jv9SZqFRKxfvvJtAmjex4vEiUqizVRzntH
02-24 20:42:35.055  7332  7401 D LaravelEnvironment: ⏭️ Skipping storage directory from bundle: storage/framework/sessions/YwI5cVW7eFzP17pj51UHHzGUQLUor1Xn9DJ8AHgW
02-24 20:42:35.055  7332  7401 D LaravelEnvironment: ⏭️ Skipping storage directory from bundle: storage/framework/testing/
02-24 20:42:35.055  7332  7401 D LaravelEnvironment: ⏭️ Skipping storage directory from bundle: storage/framework/testing/.gitignore
02-24 20:42:35.055  7332  7401 D LaravelEnvironment: ⏭️ Skipping storage directory from bundle: storage/framework/views/
02-24 20:42:35.055  7332  7401 D LaravelEnvironment: ⏭️ Skipping storage directory from bundle: storage/framework/views/.gitignore
02-24 20:42:35.055  7332  7401 D LaravelEnvironment: ⏭️ Skipping storage directory from bundle: storage/logs/
02-24 20:42:35.055  7332  7401 D LaravelEnvironment: ⏭️ Skipping storage directory from bundle: storage/logs/.gitignore
02-24 20:42:35.055  7332  7401 D LaravelEnvironment: ⏭️ Skipping storage directory from bundle: storage/logs/laravel.log
02-24 20:42:35.659   714   910 D InetDiagMessage: Destroyed 0 sockets, proto=IPPROTO_TCP, family=AF_INET, states=14
02-24 20:42:35.659   714   910 D InetDiagMessage: Destroyed 0 sockets, proto=IPPROTO_TCP, family=AF_INET6, states=14
02-24 20:42:35.659   714   910 D InetDiagMessage: Destroyed live tcp sockets for uids={10168} in 0ms
02-24 20:42:35.659   714   910 D InetDiagMessage: Destroyed 0 sockets, proto=IPPROTO_TCP, family=AF_INET, states=14
02-24 20:42:35.659   714   910 D InetDiagMessage: Destroyed 0 sockets, proto=IPPROTO_TCP, family=AF_INET6, states=14
02-24 20:42:35.660   714   910 D InetDiagMessage: Destroyed live tcp sockets for uids={20168} in 1ms
02-24 20:42:36.927  7332  7339 I oudcometcrystal: Background concurrent mark compact GC freed 11MB AllocSpace bytes, 432(17MB) LOS objects, 13% free, 153MB/177MB, paused 1.349ms,1.999ms total 102.510ms
02-24 20:42:37.194  7332  7401 I oudcometcrystal: Waiting for a blocking GC Alloc
02-24 20:42:37.237  7332  7401 I oudcometcrystal: WaitForGcToComplete blocked Alloc on Background for 42.214ms
02-24 20:42:37.334  7332  7401 I oudcometcrystal: Waiting for a blocking GC Alloc
02-24 20:42:37.380  7332  7339 I oudcometcrystal: Clamp target GC heap from 195MB to 192MB
02-24 20:42:37.380  7332  7401 I oudcometcrystal: WaitForGcToComplete blocked Alloc on Background for 46.063ms
02-24 20:42:37.429  7332  7401 I oudcometcrystal: Waiting for a blocking GC Alloc
02-24 20:42:37.485  7332  7339 I oudcometcrystal: Clamp target GC heap from 200MB to 192MB
02-24 20:42:37.485  7332  7401 I oudcometcrystal: WaitForGcToComplete blocked Alloc on Background for 55.848ms
02-24 20:42:37.525  7332  7401 I oudcometcrystal: Waiting for a blocking GC Alloc
02-24 20:42:37.586  7332  7339 I oudcometcrystal: Clamp target GC heap from 205MB to 192MB
02-24 20:42:37.586  7332  7401 I oudcometcrystal: WaitForGcToComplete blocked Alloc on Background for 60.893ms
02-24 20:42:37.613  7332  7401 I oudcometcrystal: Waiting for a blocking GC Alloc
02-24 20:42:37.671  7332  7339 I oudcometcrystal: Clamp target GC heap from 207MB to 192MB
02-24 20:42:37.671  7332  7401 I oudcometcrystal: WaitForGcToComplete blocked Alloc on Background for 57.991ms
02-24 20:42:37.694  7332  7401 I oudcometcrystal: Waiting for a blocking GC Alloc
02-24 20:42:37.751  7332  7339 I oudcometcrystal: Clamp target GC heap from 209MB to 192MB
02-24 20:42:37.752  7332  7401 I oudcometcrystal: WaitForGcToComplete blocked Alloc on Background for 57.583ms
02-24 20:42:37.773  7332  7401 I oudcometcrystal: Waiting for a blocking GC Alloc
02-24 20:42:37.832  7332  7339 I oudcometcrystal: Clamp target GC heap from 211MB to 192MB
02-24 20:42:37.832  7332  7401 I oudcometcrystal: WaitForGcToComplete blocked Alloc on Background for 58.482ms
02-24 20:42:37.848  7332  7401 I oudcometcrystal: Waiting for a blocking GC Alloc
02-24 20:42:37.904  7332  7339 I oudcometcrystal: Clamp target GC heap from 212MB to 192MB
02-24 20:42:37.904  7332  7401 I oudcometcrystal: WaitForGcToComplete blocked Alloc on Background for 55.983ms
02-24 20:42:37.915  7332  7401 I oudcometcrystal: Waiting for a blocking GC Alloc
02-24 20:42:37.976  7332  7339 I oudcometcrystal: Clamp target GC heap from 213MB to 192MB
02-24 20:42:37.976  7332  7401 I oudcometcrystal: WaitForGcToComplete blocked Alloc on Background for 61.053ms
02-24 20:42:37.984  7332  7401 I oudcometcrystal: Waiting for a blocking GC Alloc
02-24 20:42:38.043  7332  7339 I oudcometcrystal: Clamp target GC heap from 214MB to 192MB
02-24 20:42:38.043  7332  7401 I oudcometcrystal: WaitForGcToComplete blocked Alloc on Background for 59.526ms
02-24 20:42:38.049  7332  7401 I oudcometcrystal: Waiting for a blocking GC Alloc
02-24 20:42:38.107  7332  7339 I oudcometcrystal: Clamp target GC heap from 214MB to 192MB
02-24 20:42:38.107  7332  7401 I oudcometcrystal: WaitForGcToComplete blocked Alloc on Background for 58.599ms
02-24 20:42:38.113  7332  7401 I oudcometcrystal: Waiting for a blocking GC Alloc
02-24 20:42:38.176  7332  7339 I oudcometcrystal: Clamp target GC heap from 215MB to 192MB
02-24 20:42:38.176  7332  7401 I oudcometcrystal: WaitForGcToComplete blocked Alloc on Background for 63.513ms
02-24 20:42:38.180  7332  7401 I oudcometcrystal: Waiting for a blocking GC Alloc
02-24 20:42:38.247  7332  7339 I oudcometcrystal: Clamp target GC heap from 215MB to 192MB
02-24 20:42:38.247  7332  7401 I oudcometcrystal: WaitForGcToComplete blocked Alloc on Background for 67.260ms
02-24 20:42:38.250  7332  7401 I oudcometcrystal: Waiting for a blocking GC Alloc
02-24 20:42:38.306  7332  7339 I oudcometcrystal: Clamp target GC heap from 215MB to 192MB
02-24 20:42:38.307  7332  7401 I oudcometcrystal: WaitForGcToComplete blocked Alloc on Background for 56.416ms
02-24 20:42:38.309  7332  7401 I oudcometcrystal: Waiting for a blocking GC Alloc
02-24 20:42:38.366  7332  7339 I oudcometcrystal: Clamp target GC heap from 215MB to 192MB
02-24 20:42:38.366  7332  7401 I oudcometcrystal: WaitForGcToComplete blocked Alloc on Background for 56.781ms
02-24 20:42:38.368  7332  7401 I oudcometcrystal: Waiting for a blocking GC Alloc
02-24 20:42:38.426  7332  7339 I oudcometcrystal: Clamp target GC heap from 215MB to 192MB
02-24 20:42:38.426  7332  7401 I oudcometcrystal: WaitForGcToComplete blocked Alloc on Background for 57.986ms
02-24 20:42:38.428  7332  7401 I oudcometcrystal: Waiting for a blocking GC Alloc
02-24 20:42:38.495  7332  7339 I oudcometcrystal: Clamp target GC heap from 215MB to 192MB
02-24 20:42:38.496  7332  7401 I oudcometcrystal: WaitForGcToComplete blocked Alloc on Background for 67.889ms
02-24 20:42:38.496  7332  7401 I oudcometcrystal: Waiting for a blocking GC Alloc
02-24 20:42:38.564  7332  7339 I oudcometcrystal: Clamp target GC heap from 215MB to 192MB
02-24 20:42:38.564  7332  7401 I oudcometcrystal: WaitForGcToComplete blocked Alloc on Background for 67.507ms
02-24 20:42:38.564  7332  7401 I oudcometcrystal: Waiting for a blocking GC Alloc
02-24 20:42:38.631  7332  7339 I oudcometcrystal: Clamp target GC heap from 215MB to 192MB
02-24 20:42:38.631  7332  7401 I oudcometcrystal: WaitForGcToComplete blocked Alloc on Background for 66.784ms
02-24 20:42:38.632  7332  7401 I oudcometcrystal: Waiting for a blocking GC Alloc
02-24 20:42:38.696  7332  7339 I oudcometcrystal: Clamp target GC heap from 215MB to 192MB
02-24 20:42:38.697  7332  7401 I oudcometcrystal: WaitForGcToComplete blocked Alloc on Background for 64.330ms
02-24 20:42:38.697  7332  7401 I oudcometcrystal: Waiting for a blocking GC Alloc
02-24 20:42:38.756  7332  7339 I oudcometcrystal: Clamp target GC heap from 215MB to 192MB
02-24 20:42:38.756  7332  7401 I oudcometcrystal: WaitForGcToComplete blocked Alloc on Background for 59.202ms
02-24 20:42:38.757  7332  7401 I oudcometcrystal: Starting a blocking GC Alloc
02-24 20:42:38.828  7332  7401 I oudcometcrystal: Clamp target GC heap from 215MB to 192MB
02-24 20:42:38.828  7332  7401 I oudcometcrystal: Alloc concurrent mark compact GC freed 92KB AllocSpace bytes, 0(0B) LOS objects, 0% free, 191MB/192MB, paused 1.302ms,2.075ms total 70.661ms
02-24 20:42:38.828  7332  7339 I oudcometcrystal: WaitForGcToComplete blocked Background on Alloc for 70.810ms
02-24 20:42:38.828  7332  7401 I oudcometcrystal: Forcing collection of SoftReferences for 7472B allocation
02-24 20:42:38.909  7332  7401 I oudcometcrystal: Clamp target GC heap from 212MB to 192MB
02-24 20:42:38.909  7332  7401 I oudcometcrystal: Alloc concurrent mark compact GC freed 3708KB AllocSpace bytes, 0(0B) LOS objects, 1% free, 188MB/192MB, paused 1.152ms,2.089ms total 80.754ms
02-24 20:42:38.909  7332  7339 I oudcometcrystal: WaitForGcToComplete blocked Background on Alloc for 81.012ms
02-24 20:42:38.929  7332  7401 I oudcometcrystal: Waiting for a blocking GC Alloc
02-24 20:42:38.953   714   910 D InetDiagMessage: Destroyed 0 sockets, proto=IPPROTO_TCP, family=AF_INET, states=14
02-24 20:42:38.953   714   910 D InetDiagMessage: Destroyed 0 sockets, proto=IPPROTO_TCP, family=AF_INET6, states=14
02-24 20:42:38.953   714   910 D InetDiagMessage: Destroyed live tcp sockets for uids={10170} in 1ms
02-24 20:42:38.953   714   910 D InetDiagMessage: Destroyed 0 sockets, proto=IPPROTO_TCP, family=AF_INET, states=14
02-24 20:42:38.954   714   910 D InetDiagMessage: Destroyed 0 sockets, proto=IPPROTO_TCP, family=AF_INET6, states=14
02-24 20:42:38.954   714   910 D InetDiagMessage: Destroyed live tcp sockets for uids={20170} in 1ms
02-24 20:42:38.955   714   910 D InetDiagMessage: Destroyed 0 sockets, proto=IPPROTO_TCP, family=AF_INET, states=14
02-24 20:42:38.955   714   910 D InetDiagMessage: Destroyed 0 sockets, proto=IPPROTO_TCP, family=AF_INET6, states=14
02-24 20:42:38.955   714   910 D InetDiagMessage: Destroyed live tcp sockets for uids={10140} in 0ms
02-24 20:42:38.955   714   910 D InetDiagMessage: Destroyed 0 sockets, proto=IPPROTO_TCP, family=AF_INET, states=14
02-24 20:42:38.955   714   910 D InetDiagMessage: Destroyed 0 sockets, proto=IPPROTO_TCP, family=AF_INET6, states=14
02-24 20:42:38.956   714   910 D InetDiagMessage: Destroyed live tcp sockets for uids={20140} in 1ms
02-24 20:42:38.958  7332  7339 I oudcometcrystal: Clamp target GC heap from 215MB to 192MB
02-24 20:42:38.958  7332  7401 I oudcometcrystal: WaitForGcToComplete blocked Alloc on Background for 29.065ms
02-24 20:42:38.961  7332  7401 I oudcometcrystal: Waiting for a blocking GC Alloc
02-24 20:42:39.031  7332  7339 I oudcometcrystal: Clamp target GC heap from 215MB to 192MB
02-24 20:42:39.031  7332  7401 I oudcometcrystal: WaitForGcToComplete blocked Alloc on Background for 69.968ms
02-24 20:42:39.033  7332  7401 I oudcometcrystal: Waiting for a blocking GC Alloc
02-24 20:42:39.061  7332  7339 I oudcometcrystal: Clamp target GC heap from 215MB to 192MB
02-24 20:42:39.061  7332  7401 I oudcometcrystal: WaitForGcToComplete blocked Alloc on Background for 27.897ms
02-24 20:42:39.061  7332  7401 I oudcometcrystal: Waiting for a blocking GC Alloc
02-24 20:42:39.120  7332  7339 I oudcometcrystal: Clamp target GC heap from 215MB to 192MB
02-24 20:42:39.120  7332  7401 I oudcometcrystal: WaitForGcToComplete blocked Alloc on Background for 59.082ms
02-24 20:42:39.121  7332  7401 I oudcometcrystal: Waiting for a blocking GC Alloc
02-24 20:42:39.180  7332  7339 I oudcometcrystal: Clamp target GC heap from 215MB to 192MB
02-24 20:42:39.181  7332  7401 I oudcometcrystal: WaitForGcToComplete blocked Alloc on Background for 59.151ms
02-24 20:42:39.181  7332  7401 I oudcometcrystal: Forcing collection of SoftReferences for 12KB allocation
02-24 20:42:39.181  7332  7341 I oudcometcrystal: Waiting for a blocking GC Alloc
02-24 20:42:39.242  7332  7401 I oudcometcrystal: Clamp target GC heap from 213MB to 192MB
02-24 20:42:39.242  7332  7401 I oudcometcrystal: Alloc concurrent mark compact GC freed 2428KB AllocSpace bytes, 0(0B) LOS objects, 1% free, 189MB/192MB, paused 985us,1.449ms total 61.502ms
02-24 20:42:39.242  7332  7339 I oudcometcrystal: WaitForGcToComplete blocked Background on Alloc for 61.724ms
02-24 20:42:39.243  7332  7341 I oudcometcrystal: WaitForGcToComplete blocked Alloc on Alloc for 61.805ms
02-24 20:42:39.251  7332  7401 I oudcometcrystal: Waiting for a blocking GC Alloc
02-24 20:42:39.318  7332  7339 I oudcometcrystal: Clamp target GC heap from 215MB to 192MB
02-24 20:42:39.318  7332  7401 I oudcometcrystal: WaitForGcToComplete blocked Alloc on HeapTrim for 67.172ms
02-24 20:42:39.321  7332  7401 I oudcometcrystal: Waiting for a blocking GC Alloc
02-24 20:42:39.387  7332  7339 I oudcometcrystal: Clamp target GC heap from 215MB to 192MB
02-24 20:42:39.387  7332  7401 I oudcometcrystal: WaitForGcToComplete blocked Alloc on Background for 66.452ms
02-24 20:42:39.387  7332  7401 I oudcometcrystal: Forcing collection of SoftReferences for 11KB allocation
02-24 20:42:39.387  7332  7341 I oudcometcrystal: Waiting for a blocking GC Alloc
02-24 20:42:39.454  7332  7401 I oudcometcrystal: Clamp target GC heap from 214MB to 192MB
02-24 20:42:39.454  7332  7401 I oudcometcrystal: Alloc concurrent mark compact GC freed 1680KB AllocSpace bytes, 0(0B) LOS objects, 0% free, 190MB/192MB, paused 918us,1.732ms total 66.646ms
02-24 20:42:39.455  7332  7341 I oudcometcrystal: WaitForGcToComplete blocked Alloc on Alloc for 67.407ms
02-24 20:42:39.455  7332  7339 I oudcometcrystal: WaitForGcToComplete blocked Background on Alloc for 67.113ms
02-24 20:42:39.458  7332  7401 W oudcometcrystal: Throwing OutOfMemoryError "Failed to allocate a 11456 byte allocation with 1722800 free bytes and 1682KB until OOM, target footprint 201326592, growth limit 201326592; giving up on allocation because <1% of heap free after GC." (VmSize 50770124 kB)
--------- beginning of crash
02-24 20:42:39.464  7332  7401 E AndroidRuntime: FATAL EXCEPTION: Thread-3
02-24 20:42:39.464  7332  7401 E AndroidRuntime: Process: com.asustuff15.cloudcometcrystal, PID: 7332
02-24 20:42:39.464  7332  7401 E AndroidRuntime: java.lang.OutOfMemoryError: Failed to allocate a 11456 byte allocation with 1722800 free bytes and 1682KB until OOM, target footprint 201326592, growth limit 201326592; giving up on allocation because <1% of heap free after GC.
02-24 20:42:39.464  7332  7401 E AndroidRuntime: 	at java.util.Arrays.copyOf(Arrays.java:3785)
02-24 20:42:39.464  7332  7401 E AndroidRuntime: 	at java.io.ByteArrayOutputStream.grow(ByteArrayOutputStream.java:120)
02-24 20:42:39.464  7332  7401 E AndroidRuntime: 	at java.io.ByteArrayOutputStream.ensureCapacity(ByteArrayOutputStream.java:95)
02-24 20:42:39.464  7332  7401 E AndroidRuntime: 	at java.io.ByteArrayOutputStream.write(ByteArrayOutputStream.java:156)
02-24 20:42:39.464  7332  7401 E AndroidRuntime: 	at com.nativephp.mobile.bridge.LaravelEnvironment.unzip(LaravelEnvironment.kt:596)
02-24 20:42:39.464  7332  7401 E AndroidRuntime: 	at com.nativephp.mobile.bridge.LaravelEnvironment.extractLaravelBundle(LaravelEnvironment.kt:251)
02-24 20:42:39.464  7332  7401 E AndroidRuntime: 	at com.nativephp.mobile.bridge.LaravelEnvironment.initialize(LaravelEnvironment.kt:143)
02-24 20:42:39.464  7332  7401 E AndroidRuntime: 	at com.nativephp.mobile.ui.MainActivity.initializeEnvironmentAsync$lambda$7(MainActivity.kt:242)
02-24 20:42:39.464  7332  7401 E AndroidRuntime: 	at com.nativephp.mobile.ui.MainActivity.$r8$lambda$Fg1a3HTFCqsXdAZcEV7k1HF-4uU(Unknown Source:0)
02-24 20:42:39.464  7332  7401 E AndroidRuntime: 	at com.nativephp.mobile.ui.MainActivity$$ExternalSyntheticLambda2.run(D8$$SyntheticClass:0)
02-24 20:42:39.464  7332  7401 E AndroidRuntime: 	at java.lang.Thread.run(Thread.java:1119)
02-24 20:42:39.492   714  7425 I DropBoxManagerService: add tag=data_app_crash isTagEnabled=true flags=0x2
02-24 20:42:39.503   714   747 W ActivityTaskManager:   Force finishing activity com.asustuff15.cloudcometcrystal/com.nativephp.mobile.ui.MainActivity
02-24 20:42:39.510  1013  1080 V WindowManagerShell: Transition requested (#34): android.os.BinderProxy@91c4cd0 TransitionRequestInfo { type = CLOSE, triggerTask = TaskInfo{userId=0 taskId=44 effectiveUid=10218 displayId=0 isRunning=true baseIntent=Intent { flg=0x10000000 cmp=com.asustuff15.cloudcometcrystal/com.nativephp.mobile.ui.MainActivity } baseActivity=ComponentInfo{com.asustuff15.cloudcometcrystal/com.nativephp.mobile.ui.MainActivity} topActivity=ComponentInfo{com.asustuff15.cloudcometcrystal/com.nativephp.mobile.ui.MainActivity} origActivity=null realActivity=ComponentInfo{com.asustuff15.cloudcometcrystal/com.nativephp.mobile.ui.MainActivity} numActivities=1 lastActiveTime=1863715 supportsMultiWindow=true resizeMode=1 isResizeable=true minWidth=-1 minHeight=-1 defaultMinSize=220 token=WCT{android.window.IWindowContainerToken$Stub$Proxy@95444c9} topActivityType=1 pictureInPictureParams=null shouldDockBigOverlays=false launchIntoPipHostTaskId=-1 lastParentTaskIdBeforePip=-1 displayCutoutSafeInsets=Rect(0, 0 - 0, 0) topActivityInfo=ActivityInfo{24cb7ce com.nativephp.mobile.ui.MainActivity} launchCookies=[] positionInParent=Point(0, 0) parentTaskId=-1 isFocused=true isVisible=true isVisibleRequested=true isTopActivityNoDisplay=false isSleeping=false locusId=null displayAreaFeatureId=1 isTopActivityTransparent=false isActivityStackTransparent=false lastNonFullscreenBounds=Rect(142, 280 - 579, 1000) capturedLink=null capturedLinkTimestamp=0 requestedVisibleTypes=-9 topActivityRequestOpenInBrowserEducationTimestamp=0 appCompatTaskInfo=AppCompatTaskInfo { topActivityInSizeCompat=false eligibleForLetterboxEducation= false isLetterboxEducationEnabled= true isLetterboxDoubleTapEnabled= false eligibleForUserAspectRatioButton= false topActivityBoundsLetterboxed= false isFromLetterboxDoubleTap= false topActivityLetterboxVerticalPosition= -1 topActivityLetterboxHorizontalPosition= -1 topActivityLetterboxWidth=-1 topActivityLetterboxHeight=-1 topActivityAppBounds=Rect(0, 0 - 720, 1280) isUserFullscreenOverrideEnabled=false isSystemFullscreenOverrideEnabled=false hasMinAspectRatioOverride=false topActivityLetterboxBounds=null cameraCompatTaskInfo=CameraCompatTaskInfo { freeformCameraCompatMode=inactive}} topActivityMainWindowFrame=null}, pipChange = null, remoteTransition = null, displayChange = null, flags = 16, debugId = 34 }
02-24 20:42:39.519   557   854 I BpBinder: onLastStrongRef automatically unlinking death recipients: 
02-24 20:42:39.534   557   557 I BpBinder: onLastStrongRef automatically unlinking death recipients: 
02-24 20:42:39.541  7332  7401 I Process : Sending signal. PID: 7332 SIG: 9
02-24 20:42:39.581   714  2208 I ActivityManager: Process com.asustuff15.cloudcometcrystal (pid 7332) has died: fg  TOP 
02-24 20:42:39.583   714  1073 I WindowManager: WIN DEATH: Window{6abd6ee u0 com.asustuff15.cloudcometcrystal/com.nativephp.mobile.ui.MainActivity}
02-24 20:42:39.585   714   910 D ConnectivityService: releasing NetworkRequest [ REQUEST id=310, [ Capabilities: INTERNET&NOT_RESTRICTED&TRUSTED&NOT_VCN_MANAGED&NOT_BANDWIDTH_CONSTRAINED Uid: 10218 RequestorUid: 10218 RequestorPkg: com.asustuff15.cloudcometcrystal UnderlyingNetworks: Null] ] (release request)
02-24 20:42:39.586   714  1994 I ImeTracker: com.asustuff15.cloudcometcrystal:dcefa75b: onRequestHide at ORIGIN_SERVER reason HIDE_REMOVE_CLIENT fromUser false
02-24 20:42:39.586   714  1994 I ImeTracker: com.asustuff15.cloudcometcrystal:dcefa75b: onCancelled at PHASE_SERVER_SHOULD_HIDE
02-24 20:42:39.595  4727  4727 D BoundBrokerSvc: onUnbind: Intent { act=com.google.android.gms.safetynet.service.START xflg=0x4 pkg=com.google.android.gms }
02-24 20:42:39.595   714  2208 I ActivityManager: Killing 7361:com.google.android.webview:sandboxed_process0:org.chromium.content.app.SandboxedProcessService0:0/u0a218i5 (adj 0): isolated not needed
02-24 20:42:39.599   484   484 I Zygote  : Process 7332 exited due to signal 9 (Killed)
02-24 20:42:39.608   565   565 I adbd    : Remote process closed the socket (on MSG_PEEK)
02-24 20:42:39.608   616  6355 W IPCThreadState: Sending oneway calls to frozen process.
02-24 20:42:39.608   616  6355 W IPCThreadState: Sending oneway calls to frozen process.
02-24 20:42:39.614  1090  1090 I Zygote  : Process 7361 exited due to signal 9 (Killed)
02-24 20:42:39.615   714   765 I libprocessgroup: Removed cgroup /sys/fs/cgroup/apps/uid_10218/pid_7332
02-24 20:42:39.616   714   765 I libprocessgroup: Removed cgroup /sys/fs/cgroup/apps/uid_99005/pid_7361
02-24 20:42:39.631   714   910 D InetDiagMessage: Destroyed 0 sockets, proto=IPPROTO_TCP, family=AF_INET, states=14
02-24 20:42:39.633   714   910 D InetDiagMessage: Destroyed 0 sockets, proto=IPPROTO_TCP, family=AF_INET6, states=14
02-24 20:42:39.633   714   910 D InetDiagMessage: Destroyed live tcp sockets for uids={10218} in 2ms
02-24 20:42:39.634   714   910 D InetDiagMessage: Destroyed 0 sockets, proto=IPPROTO_TCP, family=AF_INET, states=14
02-24 20:42:39.635   714   910 D InetDiagMessage: Destroyed 0 sockets, proto=IPPROTO_TCP, family=AF_INET6, states=14
02-24 20:42:39.635   714   910 D InetDiagMessage: Destroyed live tcp sockets for uids={20218} in 1ms
02-24 20:42:39.635  1166  1166 D ViewRootImpl: Skipping stats log for color mode
02-24 20:42:39.639  1166  1166 D StatsLog: LAUNCHER_ONRESUME
02-24 20:42:39.640  1013  1080 D WindowManagerShell: setLauncherKeepClearAreaHeight: visible=true, height=350
02-24 20:42:39.644   714   757 W ActivityManager: setHasOverlayUi called on unknown pid: 7332
02-24 20:42:39.648   714   962 D BackgroundInstallControlService: Package event received: 0
02-24 20:42:39.651  1166  1166 D NexusLauncherModelDelegate: notifySmartspaceEvent: SmartspaceTargetEvent{mSmartspaceTarget=null, mSmartspaceActionId='null', mEventType=6}
02-24 20:42:39.657   714   962 D BackgroundInstallControlService: Package event received: 0
02-24 20:42:39.657   714   962 D BackgroundInstallControlService: Package event received: 0
02-24 20:42:39.659   714   775 D KernelCpuUidUserSysTimeReader: Removing uids 99003-99003
02-24 20:42:39.663  1166  1225 D QuickstepModelDelegate: notifyAppTargetEvent action=1 launchLocation=workspace/0/[-1,-1]/[1,1]
02-24 20:42:39.671  1166  1166 D BaseDepthController: setSurface:
02-24 20:42:39.671  1166  1166 D BaseDepthController: 	mWaitingOnSurfaceValidity: false
02-24 20:42:39.671  1166  1166 D BaseDepthController: 	mBaseSurface: Surface(name=com.google.android.apps.nexuslauncher/com.google.android.apps.nexuslauncher.NexusLauncherActivity)/@0xe744d4f
02-24 20:42:39.751  1166  1166 I NotificationListener: Handling notification state refresh for com.android.systemui#0
02-24 20:42:39.751  1166  1166 I NotificationListener: Handling notification state refresh for android#0
02-24 20:42:39.762  1013  5865 V WindowManagerShell: onTransitionReady(transaction=3066606650685)
02-24 20:42:39.763  1013  1080 V WindowManagerShell: onTransitionReady (#34) android.os.BinderProxy@91c4cd0: {id=34 t=CLOSE f=0x10 trk=0 r=[0@Point(0, 0)] c=[
02-24 20:42:39.763  1013  1080 V WindowManagerShell:         {m=TO_FRONT f=SHOW_WALLPAPER|MOVE_TO_TOP leash=Surface(name=Task=1)/@0x1ff36ef sb=Rect(0, 0 - 720, 1280) eb=Rect(0, 0 - 720, 1280) epz=Point(720, 1280) d=0 taskParent=-1},
02-24 20:42:39.763  1013  1080 V WindowManagerShell:         {m=CLOSE f=NONE leash=Surface(name=Task=44)/@0x84165fc sb=Rect(0, 0 - 720, 1280) eb=Rect(0, 0 - 720, 1280) epz=Point(720, 1280) d=0 taskParent=-1},
02-24 20:42:39.763  1013  1080 V WindowManagerShell:         {m=TO_FRONT f=IS_WALLPAPER leash=Surface(name=WallpaperWindowToken{aebff6c showWhenLocked=false})/@0xdd36485 sb=Rect(0, 0 - 720, 1280) eb=Rect(0, 0 - 720, 1280) epz=Point(720, 1280) d=0}
02-24 20:42:39.763  1013  1080 V WindowManagerShell:     ]}
02-24 20:42:39.795   714   754 V WindowManager: Sent Transition (#34) createdAt=02-24 20:42:39.505 via request=TransitionRequestInfo { type = CLOSE, triggerTask = TaskInfo{userId=0 taskId=44 effectiveUid=10218 displayId=0 isRunning=true baseIntent=Intent { flg=0x10000000 cmp=com.asustuff15.cloudcometcrystal/com.nativephp.mobile.ui.MainActivity } baseActivity=ComponentInfo{com.asustuff15.cloudcometcrystal/com.nativephp.mobile.ui.MainActivity} topActivity=ComponentInfo{com.asustuff15.cloudcometcrystal/com.nativephp.mobile.ui.MainActivity} origActivity=null realActivity=ComponentInfo{com.asustuff15.cloudcometcrystal/com.nativephp.mobile.ui.MainActivity} numActivities=1 lastActiveTime=1863715 supportsMultiWindow=true resizeMode=1 isResizeable=true minWidth=-1 minHeight=-1 defaultMinSize=220 token=WCT{RemoteToken{c5b69a6 Task{b377f93 #44 type=standard A=10218:com.asustuff15.cloudcometcrystal}}} topActivityType=1 pictureInPictureParams=null shouldDockBigOverlays=false launchIntoPipHostTaskId=-1 lastParentTaskIdBeforePip=-1 displayCutoutSafeInsets=Rect(0, 0 - 0, 0) topActivityInfo=ActivityInfo{980bfe7 com.nativephp.mobile.ui.MainActivity} launchCookies=[] positionInParent=Point(0, 0) parentTaskId=-1 isFocused=true isVisible=true isVisibleRequested=true isTopActivityNoDisplay=false isSleeping=false locusId=null displayAreaFeatureId=1 isTopActivityTransparent=false isActivityStackTransparent=false lastNonFullscreenBounds=Rect(142, 280 - 579, 1000) capturedLink=null capturedLinkTimestamp=0 requestedVisibleTypes=-9 topActivityRequestOpenInBrowserEducationTimestamp=0 appCompatTaskInfo=AppCompatTaskInfo { topActivityInSizeCompat=false eligibleForLetterboxEducation= false isLetterboxEducationEnabled= true isLetterboxDoubleTapEnabled= false eligibleForUserAspectRatioButton= false topActivityBoundsLetterboxed= false isFromLetterboxDoubleTap= false topActivityLetterboxVerticalPosition= -1 topActivityLetterboxHorizontalPosition= -1 topActivityLetterboxWidth=-1 topActivityLetterboxHeight=-1 topActivityAppBounds=Rect(0, 0 - 720, 1280) isUserFullscreenOverrideEnabled=false isSystemFullscreenOverrideEnabled=false hasMinAspectRatioOverride=false topActivityLetterboxBounds=null cameraCompatTaskInfo=CameraCompatTaskInfo { freeformCameraCompatMode=inactive}} topActivityMainWindowFrame=null}, pipChange = null, remoteTransition = null, displayChange = null, flags = 16, debugId = 34 }
02-24 20:42:39.795   714   754 V WindowManager:     startWCT=WindowContainerTransaction { changes= {} hops= [] errorCallbackToken=null taskFragmentOrganizer=null }
02-24 20:42:39.795   714   754 V WindowManager:     info={id=34 t=CLOSE f=0x10 trk=0 r=[0@Point(0, 0)] c=[
02-24 20:42:39.795   714   754 V WindowManager:         {WCT{RemoteToken{dbb2609 Task{a814f19 #1 type=home}}} m=TO_FRONT f=SHOW_WALLPAPER|MOVE_TO_TOP leash=Surface(name=Task=1)/@0xe34d016 sb=Rect(0, 0 - 720, 1280) eb=Rect(0, 0 - 720, 1280) epz=Point(720, 1280) d=0 taskParent=-1},
02-24 20:42:39.795   714   754 V WindowManager:         {WCT{RemoteToken{c5b69a6 Task{b377f93 #44 type=standard A=10218:com.asustuff15.cloudcometcrystal}}} m=CLOSE f=NONE leash=Surface(name=Task=44)/@0x433c4e8 sb=Rect(0, 0 - 720, 1280) eb=Rect(0, 0 - 720, 1280) epz=Point(720, 1280) d=0 taskParent=-1},
02-24 20:42:39.795   714   754 V WindowManager:         {m=TO_FRONT f=IS_WALLPAPER leash=Surface(name=WallpaperWindowToken{aebff6c showWhenLocked=false})/@0x60d745b sb=Rect(0, 0 - 720, 1280) eb=Rect(0, 0 - 720, 1280) epz=Point(720, 1280) d=0}
02-24 20:42:39.795   714   754 V WindowManager:     ]}
02-24 20:42:39.806  1013  1080 V WindowManagerShell: Playing animation for (#34) android.os.BinderProxy@91c4cd0@0
02-24 20:42:39.807   714   757 W IPCThreadState: Sending oneway calls to frozen process.
02-24 20:42:39.807   714   757 W IPCThreadState: Sending oneway calls to frozen process.
02-24 20:42:39.807   714   757 W IPCThreadState: Sending oneway calls to frozen process.
02-24 20:42:39.807   714   757 W IPCThreadState: Sending oneway calls to frozen process.
02-24 20:42:39.807   714   757 W IPCThreadState: Sending oneway calls to frozen process.
02-24 20:42:39.808   714   757 W IPCThreadState: Sending oneway calls to frozen process.
02-24 20:42:39.808   714   757 W IPCThreadState: Sending oneway calls to frozen process.
02-24 20:42:39.808   714   757 W IPCThreadState: Sending oneway calls to frozen process.
02-24 20:42:39.808   714   757 W IPCThreadState: Sending oneway calls to frozen process.
02-24 20:42:39.808   714   757 W IPCThreadState: Sending oneway calls to frozen process.
02-24 20:42:39.809   714   757 W IPCThreadState: Sending oneway calls to frozen process.
02-24 20:42:39.809   714   757 W IPCThreadState: Sending oneway calls to frozen process.
02-24 20:42:39.809   714   757 W IPCThreadState: Sending oneway calls to frozen process.
02-24 20:42:39.809   714   757 W IPCThreadState: Sending oneway calls to frozen process.
02-24 20:42:39.810  1013  1080 V ShellRecents: RecentsTransitionHandler.startAnimation: no controller found
02-24 20:42:39.810   714   757 W IPCThreadState: Sending oneway calls to frozen process.
02-24 20:42:39.810  1013  1080 V WindowManagerShell: Transition doesn't have explicit remote, search filters for match for {id=34 t=CLOSE f=0x10 trk=0 r=[0@Point(0, 0)] c=[{m=TO_FRONT f=SHOW_WALLPAPER|MOVE_TO_TOP leash=Surface(name=Task=1)/@0x1ff36ef sb=Rect(0, 0 - 720, 1280) eb=Rect(0, 0 - 720, 1280) epz=Point(720, 1280) d=0 taskParent=-1},{m=CLOSE f=NONE leash=Surface(name=Task=44)/@0x84165fc sb=Rect(0, 0 - 720, 1280) eb=Rect(0, 0 - 720, 1280) epz=Point(720, 1280) d=0 taskParent=-1},{m=TO_FRONT f=IS_WALLPAPER leash=Surface(name=WallpaperWindowToken{aebff6c showWhenLocked=false})/@0xdd36485 sb=Rect(0, 0 - 720, 1280) eb=Rect(0, 0 - 720, 1280) epz=Point(720, 1280) d=0}]}
02-24 20:42:39.810  1013  1080 V WindowManagerShell:  Checking filter Pair{{types=[] flags=0x0] notFlags=0x0 checks=[{atype=undefined independent=true modes=[CLOSE,TO_BACK] flags=IN_TASK_WITH_EMBEDDED_ACTIVITY mustBeTask=false order=ANY topActivity=null launchCookie=null taskFragmentToken=android.os.BinderProxy@92248e3 windowingMode=undefined}]} RemoteTransition { remoteTransition = android.window.IRemoteTransition$Stub$Proxy@86062e0, appThread = android.app.IApplicationThread$Stub$Proxy@86a8999, debugName = overlayBackTransition }}
02-24 20:42:39.810   714   757 W IPCThreadState: Sending oneway calls to frozen process.
02-24 20:42:39.810  1013  1080 V WindowManagerShell:  Checking filter Pair{{types=[] flags=0x0] notFlags=0x0 checks=[{atype=dream independent=true modes=[OPEN,TO_FRONT] flags=NONE mustBeTask=false order=ANY topActivity=null launchCookie=null windowingMode=undefined},{atype=home independent=true modes=[CLOSE,TO_BACK] flags=NONE mustBeTask=false order=ANY topActivity=null launchCookie=null windowingMode=undefined}]} RemoteTransition { remoteTransition = android.window.IRemoteTransition$Stub$Proxy@9f645e, appThread = android.app.IApplicationThread$Stub$Proxy@326903f, debugName = LauncherToDream }}
02-24 20:42:39.810  1013  1080 V WindowManagerShell:  Checking filter Pair{{types=[] flags=0x0] notFlags=0x100 checks=[{atype=home independent=true modes=[OPEN,TO_FRONT] flags=NONE mustBeTask=false order=TOP topActivity=ComponentInfo{com.google.android.apps.nexuslauncher/com.google.android.apps.nexuslauncher.NexusLauncherActivity} launchCookie=null windowingMode=undefined},{atype=standard independent=true modes=[CLOSE,TO_BACK] flags=NONE mustBeTask=false order=ANY topActivity=null launchCookie=null windowingMode=undefined},{NOT atype=undefined independent=true modes=[] flags=NONE mustBeTask=true order=ANY topActivity=null launchCookie=null customAnim=true windowingMode=undefined}]} RemoteTransition { remoteTransition = android.window.IRemoteTransition$Stub$Proxy@718cd0c, appThread = android.app.IApplicationThread$Stub$Proxy@7512655, debugName = QuickstepLaunchHome }}
02-24 20:42:39.810   714   757 W IPCThreadState: Sending oneway calls to frozen process.
02-24 20:42:39.811  1013  1080 D RemoteTransitionHandler: Found filterPair{{types=[] flags=0x0] notFlags=0x100 checks=[{atype=home independent=true modes=[OPEN,TO_FRONT] flags=NONE mustBeTask=false order=TOP topActivity=ComponentInfo{com.google.android.apps.nexuslauncher/com.google.android.apps.nexuslauncher.NexusLauncherActivity} launchCookie=null windowingMode=undefined},{atype=standard independent=true modes=[CLOSE,TO_BACK] flags=NONE mustBeTask=false order=ANY topActivity=null launchCookie=null windowingMode=undefined},{NOT atype=undefined independent=true modes=[] flags=NONE mustBeTask=true order=ANY topActivity=null launchCookie=null customAnim=true windowingMode=undefined}]} RemoteTransition { remoteTransition = android.window.IRemoteTransition$Stub$Proxy@718cd0c, appThread = android.app.IApplicationThread$Stub$Proxy@7512655, debugName = QuickstepLaunchHome }}
02-24 20:42:39.811  1013  1080 V WindowManagerShell:  Delegate animation for (#34) to RemoteTransition { remoteTransition = android.window.IRemoteTransition$Stub$Proxy@718cd0c, appThread = android.app.IApplicationThread$Stub$Proxy@7512655, debugName = QuickstepLaunchHome }
02-24 20:42:39.812   714   757 W IPCThreadState: Sending oneway calls to frozen process.
02-24 20:42:39.812   714   757 W IPCThreadState: Sending oneway calls to frozen process.
02-24 20:42:39.812   714   757 W IPCThreadState: Sending oneway calls to frozen process.
02-24 20:42:39.813   714   757 W IPCThreadState: Sending oneway calls to frozen process.
02-24 20:42:39.813   714   757 W IPCThreadState: Sending oneway calls to frozen process.
02-24 20:42:39.813   714   757 W IPCThreadState: Sending oneway calls to frozen process.
02-24 20:42:39.813   714   757 W IPCThreadState: Sending oneway calls to frozen process.
02-24 20:42:39.813   714   757 W IPCThreadState: Sending oneway calls to frozen process.
02-24 20:42:39.814   714   757 W IPCThreadState: Sending oneway calls to frozen process.
02-24 20:42:39.814   714   757 W IPCThreadState: Sending oneway calls to frozen process.
02-24 20:42:39.815   714   757 W IPCThreadState: Sending oneway calls to frozen process.
02-24 20:42:39.816   714   757 W IPCThreadState: Sending oneway calls to frozen process.
02-24 20:42:39.816   714   757 W IPCThreadState: Sending oneway calls to frozen process.
02-24 20:42:39.816  1013  1080 V WindowManagerShell:  animated by com.android.wm.shell.transition.RemoteTransitionHandler@1f9686a
02-24 20:42:39.816   714   757 W IPCThreadState: Sending oneway calls to frozen process.
02-24 20:42:39.817   714   757 W IPCThreadState: Sending oneway calls to frozen process.
02-24 20:42:39.818   714   757 W IPCThreadState: Sending oneway calls to frozen process.
02-24 20:42:39.818   714   757 W IPCThreadState: Sending oneway calls to frozen process.
