02-24 20:42:39.819   714   757 W IPCThreadState: Sending oneway calls to frozen process.
02-24 20:42:39.819  1166  1166 D StateManager: createAtomicAnimation - fromState: Background, toState: Normal, partial trace:
02-24 20:42:39.819  1166  1166 D StateManager: 	at com.android.quickstep.util.WorkspaceRevealAnim.prepareToAnimate(go/retraceme 72a59688580715d19f0e415c69e80376c2f062d1648c80db6730905005a27c20:22)
02-24 20:42:39.819  1166  1166 D StateManager: 	at com.android.quickstep.util.WorkspaceRevealAnim.<init>(go/retraceme 72a59688580715d19f0e415c69e80376c2f062d1648c80db6730905005a27c20:11)
02-24 20:42:39.819  1166  1166 D StateManager: 	at com.android.launcher3.QuickstepTransitionManager.createWallpaperOpenAnimations(go/retraceme 72a59688580715d19f0e415c69e80376c2f062d1648c80db6730905005a27c20:339)
02-24 20:42:39.819   714   757 W IPCThreadState: Sending oneway calls to frozen process.
02-24 20:42:39.819   714   757 W IPCThreadState: Sending oneway calls to frozen process.
02-24 20:42:39.819   714   757 W IPCThreadState: Sending oneway calls to frozen process.
02-24 20:42:39.822  1166  1166 D b/311077782: LauncherAnimationRunner.setAnimation
02-24 20:42:39.839   714   869 I ImeTracker: com.google.android.apps.nexuslauncher:32bd8a5f: onRequestHide at ORIGIN_SERVER reason HIDE_UNSPECIFIED_WINDOW fromUser false
02-24 20:42:39.846  1166  1166 D InsetsController: hide(ime(), fromIme=false)
02-24 20:42:39.846  4903  4903 I GoogleInputMethodService: GoogleInputMethodService.onFinishInput():2043 
02-24 20:42:39.846  1166  1166 I ImeTracker: com.google.android.apps.nexuslauncher:32bd8a5f: onCancelled at PHASE_CLIENT_ALREADY_HIDDEN
02-24 20:42:39.848   714  1994 I ImeTracker: system_server:892b2ff3: onRequestHide at ORIGIN_SERVER reason IME_REQUESTED_CHANGED_LISTENER fromUser false
02-24 20:42:39.850   714   757 I ImeTracker: system_server:892b2ff3: onCancelled at PHASE_SERVER_SHOULD_HIDE
02-24 20:42:39.852  4903  4903 I Module  : DeviceLockedStatusModuleProvider$Module.updateDeviceLockedStatus():100 repeatCheckTimes = 0, locked = false
02-24 20:42:39.863  4903  4903 I GoogleInputMethodService: GoogleInputMethodService.onStartInput():1293 onStartInput(EditorInfo{EditorInfo{packageName=com.google.android.apps.nexuslauncher, inputType=0, inputTypeString=NULL, enableLearning=false, autoCorrection=false, autoComplete=false, imeOptions=0, privateImeOptions=null, actionName=UNSPECIFIED, actionLabel=null, initialSelStart=-1, initialSelEnd=-1, initialCapsMode=0, label=null, fieldId=0, fieldName=null, extras=null, hintText=null, hintLocales=[]}}, false)
02-24 20:42:39.866  4903  4903 I Module  : DeviceLockedStatusModuleProvider$Module.updateDeviceLockedStatus():100 repeatCheckTimes = 1, locked = false
02-24 20:42:39.874   714  1994 W PackageConfigPersister: App-specific configuration not found for packageName: com.google.android.apps.nexuslauncher and userId: 0
02-24 20:42:39.932  1654  1921 I AiAiEcho: Predicting[0]:  [CONTEXT sampling_count=5 ]
02-24 20:42:39.932  1654  1921 I AiAiEcho: EchoTargets: 
02-24 20:42:39.932  1654  1921 I AiAiEcho: Filtered by AiAi flag check: 
02-24 20:42:39.932  1654  1921 I AiAiEcho: [CONTEXT ratelimit_period="10 SECONDS" ]
02-24 20:42:39.934  1654  1921 I AiAiEcho: #remoteViewsTwiddler: feature disabled.
02-24 20:42:39.937  1654  1921 I AiAiEcho: #postPredictionTargets: Sending updates to UISurface home with targets# 0 (types=[])
02-24 20:42:39.945  1166  1166 D SsBaseTemplateCard: No text view can be set up
02-24 20:42:39.945  1166  1166 D SsBaseTemplateCard: Passed-in item info is null
02-24 20:42:39.946  1166  1166 D SsBaseTemplateCard: Passed-in item info is null
02-24 20:42:39.946  1166  1166 D SsBaseTemplateCard: Passed-in item info is null
02-24 20:42:39.946  1166  1166 I SsBaseTemplateCard: Secondary card pane is null
02-24 20:42:40.168  1166  1166 D WorkspaceRevealAnim: onAnimationEnd: workspace alpha = 1.0
02-24 20:42:40.169  1013  1080 V WindowManagerShell: Transition animation finished (aborted=false), notifying core (#34) android.os.BinderProxy@91c4cd0@0
02-24 20:42:40.172   714   754 V WindowManager: Finish Transition (#34): created at 02-24 20:42:39.505 collect-started=1.095ms request-sent=1.298ms started=24.301ms ready=125.834ms sent=252.175ms commit=66.154ms finished=666.095ms
02-24 20:42:40.179   714  1994 E IPCThreadState: Binder transaction failure. id: 472358, BR_*: 29189, error: -22 (Invalid argument)
02-24 20:42:40.179   714  1994 W ActivityManager: pid 714 system sent binder code 7 with flags 1 to frozen apps and got error -32
02-24 20:42:40.187   714  1994 W WindowManager: Exception thrown during dispatchAppVisibility Window{6abd6ee u0 com.asustuff15.cloudcometcrystal/com.nativephp.mobile.ui.MainActivity EXITING}
02-24 20:42:40.187   714  1994 W WindowManager: android.os.DeadObjectException
02-24 20:42:40.187   714  1994 W WindowManager: 	at android.os.BinderProxy.transactNative(Native Method)
02-24 20:42:40.187   714  1994 W WindowManager: 	at android.os.BinderProxy.transact(BinderProxy.java:592)
02-24 20:42:40.187   714  1994 W WindowManager: 	at android.view.IWindow$Stub$Proxy.dispatchAppVisibility(IWindow.java:557)
02-24 20:42:40.187   714  1994 W WindowManager: 	at com.android.server.wm.WindowState.sendAppVisibilityToClients(WindowState.java:3151)
02-24 20:42:40.187   714  1994 W WindowManager: 	at com.android.server.wm.WindowContainer.sendAppVisibilityToClients(WindowContainer.java:1311)
02-24 20:42:40.187   714  1994 W WindowManager: 	at com.android.server.wm.WindowToken.setClientVisible(WindowToken.java:389)
02-24 20:42:40.187   714  1994 W WindowManager: 	at com.android.server.wm.ActivityRecord.setClientVisible(ActivityRecord.java:6650)
02-24 20:42:40.187   714  1994 W WindowManager: 	at com.android.server.wm.ActivityRecord.commitVisibility(ActivityRecord.java:5561)
02-24 20:42:40.187   714  1994 W WindowManager: 	at com.android.server.wm.Transition.finishTransition(Transition.java:1391)
02-24 20:42:40.187   714  1994 W WindowManager: 	at com.android.server.wm.TransitionController.finishTransition(TransitionController.java:1029)
02-24 20:42:40.187   714  1994 W WindowManager: 	at com.android.server.wm.WindowOrganizerController.finishTransition(WindowOrganizerController.java:496)
02-24 20:42:40.187   714  1994 W WindowManager: 	at android.window.IWindowOrganizerController$Stub.onTransact(IWindowOrganizerController.java:261)
02-24 20:42:40.187   714  1994 W WindowManager: 	at com.android.server.wm.WindowOrganizerController.onTransact(WindowOrganizerController.java:223)
02-24 20:42:40.187   714  1994 W WindowManager: 	at android.os.Binder.execTransactInternal(Binder.java:1421)
02-24 20:42:40.187   714  1994 W WindowManager: 	at android.os.Binder.execTransact(Binder.java:1365)
02-24 20:42:40.187   714  1994 W Process : Unable to open /proc/7332/status
02-24 20:42:40.193  1013  1080 V WindowManagerShell: Track 0 became idle
02-24 20:42:40.193  1013  1080 V WindowManagerShell: All active transition animations finished
02-24 20:42:40.194  1166  1166 D RecentsView: onTaskRemoved: 44, not handling task stack changes
02-24 20:42:40.195  1166  1166 D RecentsView: onTaskRemoved: 44, not handling task stack changes
02-24 20:42:40.218   557   557 E BpTransactionCompletedListener: Failed to transact (-32)
02-24 20:42:40.654   714   847 D ActivityManager: freezing 5949 com.google.android.webview:webview_service
02-24 20:42:40.656   714   910 D InetDiagMessage: Destroyed 0 sockets, proto=IPPROTO_TCP, family=AF_INET, states=14
02-24 20:42:40.656   714   910 D InetDiagMessage: Destroyed 0 sockets, proto=IPPROTO_TCP, family=AF_INET6, states=14
02-24 20:42:40.656   714   910 D InetDiagMessage: Destroyed live tcp sockets for uids={10168} in 0ms
